// Jest Snapshot v1, https://goo.gl/fbAQLP

exports[`SidebarHeading renders correctly with a heading 1`] = `
<h2
  className="spotlight__heading"
>
  My Heading
  <button
    className="button button--minor"
    data-testid="spotlight-menu-trigger"
    type="button"
  >
    <i
      aria-hidden="true"
      className="ico ico--20 ico-arrow-down-blank"
      role="presentation"
    />
  </button>
</h2>
`;
