// Jest Snapshot v1, https://goo.gl/fbAQLP

exports[`SpotlightMenu renders correctly 1`] = `
<nav
  className="spotlight-menu mm-menu"
  id="menu"
>
  <ul>
    <li>
      <span>
        Level 1
      </span>
      <ul>
        <li>
          <span>
            Level 1.1
          </span>
        </li>
        <li>
          <span>
            Level 1.2
          </span>
        </li>
        <li>
          <span>
            Level 1.3
          </span>
        </li>
      </ul>
    </li>
    <li>
      <span>
        Level 2
      </span>
    </li>
    <li>
      <span>
        Level 3
      </span>
      <ul>
        <li>
          <span>
            Level 3.1
          </span>
        </li>
        <li>
          <a
            href="https://google.com"
          >
            Level 3.2
          </a>
        </li>
      </ul>
    </li>
  </ul>
</nav>
`;
