// Jest Snapshot v1, https://goo.gl/fbAQLP

exports[`Tags It renders correctly 1`] = `
<ul
  className="m-pills"
>
  <li
    className="m-pills__item"
  >
    Masaka
    <button
      onClick={[Function]}
      type="button"
    >
      <i
        aria-hidden="true"
        className="ico ico--20 ico-cross-slate"
        role="presentation"
      />
    </button>
  </li>
  <li
    className="m-pills__item"
  >
    Gulu
    <button
      onClick={[Function]}
      type="button"
    >
      <i
        aria-hidden="true"
        className="ico ico--20 ico-cross-slate"
        role="presentation"
      />
    </button>
  </li>
  <li
    className="m-pills__item"
  >
    Arua
    <button
      onClick={[Function]}
      type="button"
    >
      <i
        aria-hidden="true"
        className="ico ico--20 ico-cross-slate"
        role="presentation"
      />
    </button>
  </li>
  <li
    className="m-pills__item"
  >
    Koboko
    <button
      onClick={[Function]}
      type="button"
    >
      <i
        aria-hidden="true"
        className="ico ico--20 ico-cross-slate"
        role="presentation"
      />
    </button>
  </li>
  <li
    className="m-pills__item"
  >
    Palisa
    <button
      onClick={[Function]}
      type="button"
    >
      <i
        aria-hidden="true"
        className="ico ico--20 ico-cross-slate"
        role="presentation"
      />
    </button>
  </li>
</ul>
`;
